This is a test for ci.
